Device: cuda | stage=all models=['MedSeverityNet', 'FastClinicalCNN', 'TinyClinicalFormer'] n_configs=48 screen_epochs=20 full_epochs=20 top_k=8
Train rows: 1600 | label counts: [253, 849, 498]
[screen] MedSeverityNet_baseline F1=0.9072 AUC=1.0000 core_params=3147012 (11s) (baseline)
[screen] MedSeverityNet_s000 F1=0.2385 AUC=1.0000 core_params=924356 (13s)
[screen] MedSeverityNet_s001 F1=0.9741 AUC=1.0000 core_params=9466724 (15s)
[screen] MedSeverityNet_s002 F1=0.9577 AUC=0.9902 core_params=4193124 (15s)
[screen] MedSeverityNet_s003 F1=0.9712 AUC=1.0000 core_params=964452 (13s)
[screen] MedSeverityNet_s004 F1=0.9772 AUC=1.0000 core_params=814596 (12s)
[screen] MedSeverityNet_s005 F1=0.9679 AUC=1.0000 core_params=2414084 (12s)
[screen] MedSeverityNet_s006 F1=0.9525 AUC=1.0000 core_params=4662276 (11s)
[screen] MedSeverityNet_s007 F1=0.9682 AUC=1.0000 core_params=5832036 (13s)
[screen] MedSeverityNet_s008 F1=0.9712 AUC=1.0000 core_params=1209860 (10s)
[screen] MedSeverityNet_s009 F1=0.2385 AUC=1.0000 core_params=2911940 (10s)
[screen] MedSeverityNet_s010 F1=0.2385 AUC=1.0000 core_params=654724 (9s)
[screen] MedSeverityNet_s011 F1=0.2309 AUC=0.9974 core_params=751204 (10s)
[screen] MedSeverityNet_s012 F1=0.9312 AUC=1.0000 core_params=2381060 (10s)
[screen] MedSeverityNet_s013 F1=0.9743 AUC=1.0000 core_params=430692 (11s)
[screen] MedSeverityNet_s014 F1=0.9673 AUC=0.9999 core_params=3257732 (10s)
[screen] MedSeverityNet_s015 F1=0.2309 AUC=1.0000 core_params=678596 (9s)
[screen] MedSeverityNet_s016 F1=0.2309 AUC=0.9942 core_params=11144964 (15s)
[screen] MedSeverityNet_s017 F1=0.2309 AUC=0.9998 core_params=10219652 (17s)
[screen] MedSeverityNet_s018 F1=0.9715 AUC=1.0000 core_params=3753860 (15s)
[screen] MedSeverityNet_s019 F1=0.9800 AUC=1.0000 core_params=3103876 (11s)
[screen] MedSeverityNet_s020 F1=0.9515 AUC=1.0000 core_params=5626212 (11s)
[screen] MedSeverityNet_s021 F1=0.2385 AUC=1.0000 core_params=7128708 (11s)
[screen] MedSeverityNet_s022 F1=0.9744 AUC=1.0000 core_params=5068676 (14s)
[screen] MedSeverityNet_s023 F1=0.9360 AUC=1.0000 core_params=887812 (11s)
[screen] MedSeverityNet_s024 F1=0.2309 AUC=0.9941 core_params=1248644 (11s)
[screen] MedSeverityNet_s025 F1=0.2309 AUC=1.0000 core_params=3760388 (12s)
[screen] MedSeverityNet_s026 F1=0.2309 AUC=1.0000 core_params=2283396 (9s)
[screen] MedSeverityNet_s027 F1=0.9361 AUC=0.9975 core_params=9426116 (14s)
[screen] MedSeverityNet_s028 F1=0.9651 AUC=1.0000 core_params=1438980 (10s)
[screen] MedSeverityNet_s029 F1=0.2309 AUC=0.9965 core_params=1358596 (16s)
[screen] MedSeverityNet_s030 F1=0.9619 AUC=1.0000 core_params=1395332 (16s)
[screen] MedSeverityNet_s031 F1=0.9626 AUC=1.0000 core_params=1670916 (17s)
[screen] MedSeverityNet_s032 F1=0.2385 AUC=1.0000 core_params=621572 (9s)
[screen] MedSeverityNet_s033 F1=0.2309 AUC=0.9797 core_params=9444548 (11s)
[screen] MedSeverityNet_s034 F1=0.2385 AUC=1.0000 core_params=2381060 (12s)
[screen] MedSeverityNet_s035 F1=0.2385 AUC=1.0000 core_params=4882116 (14s)
[screen] MedSeverityNet_s036 F1=0.2309 AUC=1.0000 core_params=1176452 (9s)
[screen] MedSeverityNet_s037 F1=0.6382 AUC=1.0000 core_params=1324164 (13s)
[screen] MedSeverityNet_s038 F1=0.9611 AUC=1.0000 core_params=4282980 (13s)
[screen] MedSeverityNet_s039 F1=0.9084 AUC=1.0000 core_params=781188 (10s)
[screen] MedSeverityNet_s040 F1=0.9649 AUC=1.0000 core_params=1637636 (11s)
[screen] MedSeverityNet_s041 F1=0.9433 AUC=1.0000 core_params=6077636 (10s)
[screen] MedSeverityNet_s042 F1=0.9220 AUC=0.9958 core_params=4422852 (10s)
[screen] MedSeverityNet_s043 F1=0.9305 AUC=1.0000 core_params=947812 (9s)
[screen] MedSeverityNet_s044 F1=0.9632 AUC=1.0000 core_params=9466724 (11s)
[screen] MedSeverityNet_s045 F1=0.2385 AUC=1.0000 core_params=640388 (12s)
[screen] MedSeverityNet_s046 F1=0.9560 AUC=0.9998 core_params=820100 (15s)
[screen] MedSeverityNet_s047 F1=0.9741 AUC=1.0000 core_params=728708 (10s)
[screen] FastClinicalCNN_baseline F1=0.8020 AUC=1.0000 core_params=812291 (8s) (baseline)
[screen] FastClinicalCNN_s000 F1=0.2309 AUC=1.0000 core_params=1287427 (10s)
[screen] FastClinicalCNN_s001 F1=0.8475 AUC=1.0000 core_params=1788163 (10s)
[screen] FastClinicalCNN_s002 F1=0.9885 AUC=1.0000 core_params=779523 (8s)
[screen] FastClinicalCNN_s003 F1=0.2385 AUC=1.0000 core_params=164675 (8s)
[screen] FastClinicalCNN_s004 F1=0.9609 AUC=1.0000 core_params=506883 (7s)
[screen] FastClinicalCNN_s005 F1=0.9337 AUC=1.0000 core_params=824515 (8s)
[screen] FastClinicalCNN_s006 F1=0.2309 AUC=1.0000 core_params=365251 (8s)
[screen] FastClinicalCNN_s007 F1=0.9437 AUC=1.0000 core_params=451459 (10s)
[screen] FastClinicalCNN_s008 F1=0.2385 AUC=1.0000 core_params=605827 (7s)
[screen] FastClinicalCNN_s009 F1=0.9737 AUC=1.0000 core_params=468547 (7s)
[screen] FastClinicalCNN_s010 F1=0.9467 AUC=1.0000 core_params=756835 (7s)
[screen] FastClinicalCNN_s011 F1=0.2385 AUC=1.0000 core_params=1168835 (7s)
[screen] FastClinicalCNN_s012 F1=0.2385 AUC=1.0000 core_params=1583363 (8s)
[screen] FastClinicalCNN_s013 F1=0.9857 AUC=1.0000 core_params=175427 (8s)
[screen] FastClinicalCNN_s014 F1=0.9433 AUC=1.0000 core_params=943747 (9s)
[screen] FastClinicalCNN_s015 F1=0.9173 AUC=1.0000 core_params=652291 (8s)
[screen] FastClinicalCNN_s016 F1=0.9017 AUC=1.0000 core_params=263619 (9s)
[screen] FastClinicalCNN_s017 F1=0.2385 AUC=1.0000 core_params=182563 (9s)
[screen] FastClinicalCNN_s018 F1=0.9433 AUC=1.0000 core_params=817027 (10s)
[screen] FastClinicalCNN_s019 F1=0.9216 AUC=1.0000 core_params=529987 (8s)
[screen] FastClinicalCNN_s020 F1=0.2309 AUC=1.0000 core_params=542339 (8s)
[screen] FastClinicalCNN_s021 F1=0.9885 AUC=1.0000 core_params=643843 (8s)
[screen] FastClinicalCNN_s022 F1=0.7656 AUC=1.0000 core_params=705539 (10s)
[screen] FastClinicalCNN_s023 F1=0.2385 AUC=1.0000 core_params=543939 (8s)
[screen] FastClinicalCNN_s024 F1=0.2385 AUC=1.0000 core_params=1611395 (10s)
[screen] FastClinicalCNN_s025 F1=0.2385 AUC=1.0000 core_params=1239043 (8s)
[screen] FastClinicalCNN_s026 F1=0.2385 AUC=1.0000 core_params=300355 (8s)
[screen] FastClinicalCNN_s027 F1=0.2385 AUC=1.0000 core_params=336579 (8s)
[screen] FastClinicalCNN_s028 F1=0.9829 AUC=1.0000 core_params=496515 (8s)
[screen] FastClinicalCNN_s029 F1=0.9737 AUC=1.0000 core_params=336451 (8s)
[screen] FastClinicalCNN_s030 F1=0.8020 AUC=1.0000 core_params=402883 (8s)
[screen] FastClinicalCNN_s031 F1=0.6355 AUC=1.0000 core_params=440035 (8s)
[screen] FastClinicalCNN_s032 F1=0.8639 AUC=1.0000 core_params=507395 (7s)
[screen] FastClinicalCNN_s033 F1=0.9771 AUC=1.0000 core_params=1002947 (10s)
[screen] FastClinicalCNN_s034 F1=0.9768 AUC=1.0000 core_params=252899 (7s)
[screen] FastClinicalCNN_s035 F1=0.9437 AUC=1.0000 core_params=620163 (9s)
[screen] FastClinicalCNN_s036 F1=0.2385 AUC=1.0000 core_params=672643 (8s)
[screen] FastClinicalCNN_s037 F1=0.9718 AUC=1.0000 core_params=300035 (9s)
[screen] FastClinicalCNN_s038 F1=0.2385 AUC=1.0000 core_params=240515 (8s)
[screen] FastClinicalCNN_s039 F1=0.2385 AUC=1.0000 core_params=1392515 (7s)
[screen] FastClinicalCNN_s040 F1=0.2385 AUC=1.0000 core_params=1199459 (9s)
[screen] FastClinicalCNN_s041 F1=0.2385 AUC=1.0000 core_params=392067 (8s)
[screen] FastClinicalCNN_s042 F1=0.9744 AUC=1.0000 core_params=389763 (10s)
[screen] FastClinicalCNN_s043 F1=0.8020 AUC=1.0000 core_params=747139 (8s)
[screen] FastClinicalCNN_s044 F1=0.2385 AUC=1.0000 core_params=643971 (8s)
[screen] FastClinicalCNN_s045 F1=0.9691 AUC=1.0000 core_params=888163 (8s)
[screen] FastClinicalCNN_s046 F1=0.9798 AUC=1.0000 core_params=506883 (9s)
[screen] FastClinicalCNN_s047 F1=0.9857 AUC=1.0000 core_params=900483 (8s)
[screen] TinyClinicalFormer_baseline F1=0.9369 AUC=1.0000 core_params=1687555 (9s) (baseline)
[screen] TinyClinicalFormer_s000 F1=0.5829 AUC=0.9919 core_params=6716163 (14s)
[screen] TinyClinicalFormer_s001 F1=0.8123 AUC=0.9928 core_params=556195 (12s)
[screen] TinyClinicalFormer_s002 F1=0.2309 AUC=1.0000 core_params=1361027 (9s)
[screen] TinyClinicalFormer_s003 F1=0.9479 AUC=1.0000 core_params=1437187 (11s)
[screen] TinyClinicalFormer_s004 F1=0.8295 AUC=0.9947 core_params=1210147 (11s)
[screen] TinyClinicalFormer_s005 F1=0.9509 AUC=1.0000 core_params=610019 (14s)
[screen] TinyClinicalFormer_s006 F1=0.9557 AUC=1.0000 core_params=1938243 (9s)
[screen] TinyClinicalFormer_s007 F1=0.8405 AUC=0.9997 core_params=2194819 (9s)
[screen] TinyClinicalFormer_s008 F1=0.5912 AUC=1.0000 core_params=2792195 (9s)
[screen] TinyClinicalFormer_s009 F1=0.2309 AUC=0.9687 core_params=1551747 (11s)
[screen] TinyClinicalFormer_s010 F1=0.2309 AUC=0.9971 core_params=365379 (10s)
[screen] TinyClinicalFormer_s011 F1=0.2309 AUC=0.9670 core_params=1975299 (12s)
[screen] TinyClinicalFormer_s012 F1=0.2309 AUC=0.9968 core_params=562371 (9s)
[screen] TinyClinicalFormer_s013 F1=0.5868 AUC=0.9963 core_params=2727555 (11s)
[screen] TinyClinicalFormer_s014 F1=0.9522 AUC=1.0000 core_params=2139139 (10s)
[screen] TinyClinicalFormer_s015 F1=0.2309 AUC=0.9646 core_params=1168451 (10s)
[screen] TinyClinicalFormer_s016 F1=0.2309 AUC=0.5208 core_params=3274371 (15s)
[screen] TinyClinicalFormer_s017 F1=0.9800 AUC=1.0000 core_params=2139139 (11s)
[screen] TinyClinicalFormer_s018 F1=0.2460 AUC=1.0000 core_params=3250947 (12s)
[screen] TinyClinicalFormer_s019 F1=0.2385 AUC=1.0000 core_params=2388195 (13s)
[screen] TinyClinicalFormer_s020 F1=0.9670 AUC=1.0000 core_params=5217411 (10s)
[screen] TinyClinicalFormer_s021 F1=0.8932 AUC=1.0000 core_params=164739 (11s)
[screen] TinyClinicalFormer_s022 F1=0.2385 AUC=1.0000 core_params=2405379 (16s)
[screen] TinyClinicalFormer_s023 F1=0.5801 AUC=0.9900 core_params=5159363 (17s)
[screen] TinyClinicalFormer_s024 F1=0.2309 AUC=0.9937 core_params=1722435 (11s)
[screen] TinyClinicalFormer_s025 F1=0.8433 AUC=0.9910 core_params=819971 (9s)
[screen] TinyClinicalFormer_s026 F1=0.9182 AUC=0.9997 core_params=1400451 (8s)
[screen] TinyClinicalFormer_s027 F1=0.2309 AUC=0.9654 core_params=4026627 (17s)
[screen] TinyClinicalFormer_s028 F1=0.9619 AUC=1.0000 core_params=2792195 (10s)
[screen] TinyClinicalFormer_s029 F1=0.2309 AUC=0.5000 core_params=3074563 (10s)
[screen] TinyClinicalFormer_s030 F1=0.2309 AUC=0.9893 core_params=6071811 (12s)
[screen] TinyClinicalFormer_s031 F1=0.2375 AUC=1.0000 core_params=1059459 (12s)
[screen] TinyClinicalFormer_s032 F1=0.8505 AUC=0.9835 core_params=4943747 (18s)
[screen] TinyClinicalFormer_s033 F1=0.2309 AUC=0.0961 core_params=3997571 (12s)
[screen] TinyClinicalFormer_s034 F1=0.2533 AUC=1.0000 core_params=1464195 (14s)
[screen] TinyClinicalFormer_s035 F1=0.9562 AUC=0.9977 core_params=3260419 (11s)
[screen] TinyClinicalFormer_s036 F1=0.5829 AUC=0.9931 core_params=2102147 (12s)
[screen] TinyClinicalFormer_s037 F1=0.5829 AUC=0.9840 core_params=745411 (8s)
[screen] TinyClinicalFormer_s038 F1=0.9380 AUC=1.0000 core_params=2252163 (8s)
[screen] TinyClinicalFormer_s039 F1=0.9272 AUC=1.0000 core_params=610019 (10s)
[screen] TinyClinicalFormer_s040 F1=0.2309 AUC=0.9946 core_params=3288835 (11s)
[screen] TinyClinicalFormer_s041 F1=0.2309 AUC=0.9238 core_params=2492419 (9s)
[screen] TinyClinicalFormer_s042 F1=0.5829 AUC=0.9874 core_params=2102147 (10s)
[screen] TinyClinicalFormer_s043 F1=0.9783 AUC=1.0000 core_params=2410979 (9s)
[screen] TinyClinicalFormer_s044 F1=0.8547 AUC=0.9936 core_params=918275 (8s)
[screen] TinyClinicalFormer_s045 F1=0.9679 AUC=1.0000 core_params=597443 (7s)
[screen] TinyClinicalFormer_s046 F1=0.5785 AUC=0.9878 core_params=1100931 (8s)
[screen] TinyClinicalFormer_s047 F1=0.4819 AUC=0.9870 core_params=3731587 (9s)
[screen] MedSeverityNet BASELINE F1=0.9072 | best random F1=0.9800 (MedSeverityNet_s019) | mean random F1=0.6798 | random beats baseline: 29/48
[screen] FastClinicalCNN BASELINE F1=0.8020 | best random F1=0.9885 (FastClinicalCNN_s002) | mean random F1=0.6523 | random beats baseline: 25/48
[screen] TinyClinicalFormer BASELINE F1=0.9369 | best random F1=0.9800 (TinyClinicalFormer_s017) | mean random F1=0.5817 | random beats baseline: 11/48
[refine] MedSeverityNet/MedSeverityNet_s019 fold 0: F1=0.9550 (8s)
[refine] MedSeverityNet/MedSeverityNet_s019 fold 1: F1=0.9339 (8s)
[refine] MedSeverityNet/MedSeverityNet_s019 fold 2: F1=0.9610 (9s)
[refine] MedSeverityNet/MedSeverityNet_s019 pooled OOF F1=0.9500 AUC=0.9951 folds=0.9500Å}0.0116
[refine] MedSeverityNet/MedSeverityNet_s004 fold 0: F1=0.9540 (10s)
[refine] MedSeverityNet/MedSeverityNet_s004 fold 1: F1=0.9509 (10s)
[refine] MedSeverityNet/MedSeverityNet_s004 fold 2: F1=0.9645 (9s)
[refine] MedSeverityNet/MedSeverityNet_s004 pooled OOF F1=0.9565 AUC=0.9949 folds=0.9565Å}0.0058
[refine] MedSeverityNet/MedSeverityNet_s022 fold 0: F1=0.9393 (12s)
[refine] MedSeverityNet/MedSeverityNet_s022 fold 1: F1=0.9489 (13s)
[refine] MedSeverityNet/MedSeverityNet_s022 fold 2: F1=0.9461 (13s)
[refine] MedSeverityNet/MedSeverityNet_s022 pooled OOF F1=0.9448 AUC=0.9943 folds=0.9448Å}0.0040
[refine] MedSeverityNet/MedSeverityNet_s013 fold 0: F1=0.9585 (10s)
[refine] MedSeverityNet/MedSeverityNet_s013 fold 1: F1=0.9505 (11s)
[refine] MedSeverityNet/MedSeverityNet_s013 fold 2: F1=0.9609 (11s)
[refine] MedSeverityNet/MedSeverityNet_s013 pooled OOF F1=0.9567 AUC=0.9964 folds=0.9566Å}0.0045
[refine] MedSeverityNet/MedSeverityNet_s047 fold 0: F1=0.9525 (9s)
[refine] MedSeverityNet/MedSeverityNet_s047 fold 1: F1=0.9347 (9s)
[refine] MedSeverityNet/MedSeverityNet_s047 fold 2: F1=0.9516 (9s)
[refine] MedSeverityNet/MedSeverityNet_s047 pooled OOF F1=0.9463 AUC=0.9936 folds=0.9462Å}0.0082
[refine] MedSeverityNet/MedSeverityNet_s001 fold 0: F1=0.9504 (13s)
[refine] MedSeverityNet/MedSeverityNet_s001 fold 1: F1=0.9304 (13s)
[refine] MedSeverityNet/MedSeverityNet_s001 fold 2: F1=0.9356 (13s)
[refine] MedSeverityNet/MedSeverityNet_s001 pooled OOF F1=0.9389 AUC=0.9959 folds=0.9388Å}0.0085
[refine] MedSeverityNet/MedSeverityNet_s018 fold 0: F1=0.9575 (12s)
[refine] MedSeverityNet/MedSeverityNet_s018 fold 1: F1=0.9419 (12s)
[refine] MedSeverityNet/MedSeverityNet_s018 fold 2: F1=0.9529 (12s)
[refine] MedSeverityNet/MedSeverityNet_s018 pooled OOF F1=0.9507 AUC=0.9940 folds=0.9508Å}0.0065
[refine] MedSeverityNet/MedSeverityNet_s003 fold 0: F1=0.9628 (12s)
[refine] MedSeverityNet/MedSeverityNet_s003 fold 1: F1=0.9360 (12s)
[refine] MedSeverityNet/MedSeverityNet_s003 fold 2: F1=0.9591 (12s)
[refine] MedSeverityNet/MedSeverityNet_s003 pooled OOF F1=0.9526 AUC=0.9950 folds=0.9526Å}0.0118
[refine] MedSeverityNet/baseline fold 0: F1=0.9359 (10s)
[refine] MedSeverityNet/baseline fold 1: F1=0.9105 (10s)
[refine] MedSeverityNet/baseline fold 2: F1=0.8414 (10s)
[refine] MedSeverityNet/baseline pooled OOF F1=0.8981 AUC=0.9973 folds=0.8959Å}0.0399
[refine] FastClinicalCNN/FastClinicalCNN_s021 fold 0: F1=0.9270 (7s)
[refine] FastClinicalCNN/FastClinicalCNN_s021 fold 1: F1=0.9418 (7s)
[refine] FastClinicalCNN/FastClinicalCNN_s021 fold 2: F1=0.9657 (7s)
[refine] FastClinicalCNN/FastClinicalCNN_s021 pooled OOF F1=0.9448 AUC=0.9965 folds=0.9448Å}0.0160
[refine] FastClinicalCNN/FastClinicalCNN_s002 fold 0: F1=0.9431 (7s)
[refine] FastClinicalCNN/FastClinicalCNN_s002 fold 1: F1=0.9452 (7s)
[refine] FastClinicalCNN/FastClinicalCNN_s002 fold 2: F1=0.9646 (7s)
[refine] FastClinicalCNN/FastClinicalCNN_s002 pooled OOF F1=0.9510 AUC=0.9967 folds=0.9510Å}0.0097
[refine] FastClinicalCNN/FastClinicalCNN_s013 fold 0: F1=0.9600 (7s)
[refine] FastClinicalCNN/FastClinicalCNN_s013 fold 1: F1=0.9555 (7s)
[refine] FastClinicalCNN/FastClinicalCNN_s013 fold 2: F1=0.9584 (7s)
[refine] FastClinicalCNN/FastClinicalCNN_s013 pooled OOF F1=0.9580 AUC=0.9971 folds=0.9580Å}0.0019
[refine] FastClinicalCNN/FastClinicalCNN_s047 fold 0: F1=0.9364 (7s)
[refine] FastClinicalCNN/FastClinicalCNN_s047 fold 1: F1=0.9515 (7s)
[refine] FastClinicalCNN/FastClinicalCNN_s047 fold 2: F1=0.9634 (7s)
[refine] FastClinicalCNN/FastClinicalCNN_s047 pooled OOF F1=0.9503 AUC=0.9960 folds=0.9504Å}0.0111
[refine] FastClinicalCNN/FastClinicalCNN_s028 fold 0: F1=0.9499 (7s)
[refine] FastClinicalCNN/FastClinicalCNN_s028 fold 1: F1=0.9533 (7s)
[refine] FastClinicalCNN/FastClinicalCNN_s028 fold 2: F1=0.9583 (7s)
[refine] FastClinicalCNN/FastClinicalCNN_s028 pooled OOF F1=0.9539 AUC=0.9971 folds=0.9539Å}0.0035
[refine] FastClinicalCNN/FastClinicalCNN_s046 fold 0: F1=0.7836 (8s)
[refine] FastClinicalCNN/FastClinicalCNN_s046 fold 1: F1=0.9455 (7s)
[refine] FastClinicalCNN/FastClinicalCNN_s046 fold 2: F1=0.9355 (8s)
[refine] FastClinicalCNN/FastClinicalCNN_s046 pooled OOF F1=0.8944 AUC=0.9981 folds=0.8882Å}0.0741
[refine] FastClinicalCNN/FastClinicalCNN_s033 fold 0: F1=0.9631 (8s)
[refine] FastClinicalCNN/FastClinicalCNN_s033 fold 1: F1=0.9575 (8s)
[refine] FastClinicalCNN/FastClinicalCNN_s033 fold 2: F1=0.9569 (8s)
[refine] FastClinicalCNN/FastClinicalCNN_s033 pooled OOF F1=0.9592 AUC=0.9954 folds=0.9592Å}0.0028
[refine] FastClinicalCNN/FastClinicalCNN_s034 fold 0: F1=0.9549 (7s)
[refine] FastClinicalCNN/FastClinicalCNN_s034 fold 1: F1=0.9504 (7s)
[refine] FastClinicalCNN/FastClinicalCNN_s034 fold 2: F1=0.9584 (7s)
[refine] FastClinicalCNN/FastClinicalCNN_s034 pooled OOF F1=0.9546 AUC=0.9963 folds=0.9546Å}0.0033
[refine] FastClinicalCNN/baseline fold 0: F1=0.9123 (7s)
[refine] FastClinicalCNN/baseline fold 1: F1=0.9224 (7s)
[refine] FastClinicalCNN/baseline fold 2: F1=0.8215 (7s)
[refine] FastClinicalCNN/baseline pooled OOF F1=0.8879 AUC=0.9962 folds=0.8854Å}0.0454
[refine] TinyClinicalFormer/TinyClinicalFormer_s017 fold 0: F1=0.9332 (9s)
[refine] TinyClinicalFormer/TinyClinicalFormer_s017 fold 1: F1=0.9139 (9s)
[refine] TinyClinicalFormer/TinyClinicalFormer_s017 fold 2: F1=0.9572 (9s)
[refine] TinyClinicalFormer/TinyClinicalFormer_s017 pooled OOF F1=0.9347 AUC=0.9920 folds=0.9348Å}0.0177
[refine] TinyClinicalFormer/TinyClinicalFormer_s043 fold 0: F1=0.9434 (9s)
[refine] TinyClinicalFormer/TinyClinicalFormer_s043 fold 1: F1=0.9478 (9s)
[refine] TinyClinicalFormer/TinyClinicalFormer_s043 fold 2: F1=0.9406 (9s)
[refine] TinyClinicalFormer/TinyClinicalFormer_s043 pooled OOF F1=0.9440 AUC=0.9907 folds=0.9439Å}0.0029
[refine] TinyClinicalFormer/TinyClinicalFormer_s045 fold 0: F1=0.9147 (7s)
[refine] TinyClinicalFormer/TinyClinicalFormer_s045 fold 1: F1=0.8700 (7s)
[refine] TinyClinicalFormer/TinyClinicalFormer_s045 fold 2: F1=0.6421 (8s)
[refine] TinyClinicalFormer/TinyClinicalFormer_s045 pooled OOF F1=0.8279 AUC=0.9953 folds=0.8089Å}0.1194
[refine] TinyClinicalFormer/TinyClinicalFormer_s020 fold 0: F1=0.9351 (9s)
[refine] TinyClinicalFormer/TinyClinicalFormer_s020 fold 1: F1=0.9422 (9s)
[refine] TinyClinicalFormer/TinyClinicalFormer_s020 fold 2: F1=0.9406 (9s)
[refine] TinyClinicalFormer/TinyClinicalFormer_s020 pooled OOF F1=0.9393 AUC=0.9925 folds=0.9393Å}0.0031
[refine] TinyClinicalFormer/TinyClinicalFormer_s028 fold 0: F1=0.9443 (8s)
[refine] TinyClinicalFormer/TinyClinicalFormer_s028 fold 1: F1=0.5864 (8s)
[refine] TinyClinicalFormer/TinyClinicalFormer_s028 fold 2: F1=0.6016 (9s)
[refine] TinyClinicalFormer/TinyClinicalFormer_s028 pooled OOF F1=0.7536 AUC=0.9929 folds=0.7108Å}0.1653
[refine] TinyClinicalFormer/TinyClinicalFormer_s035 fold 0: F1=0.9147 (9s)
[refine] TinyClinicalFormer/TinyClinicalFormer_s035 fold 1: F1=0.8268 (9s)
[refine] TinyClinicalFormer/TinyClinicalFormer_s035 fold 2: F1=0.7868 (9s)
[refine] TinyClinicalFormer/TinyClinicalFormer_s035 pooled OOF F1=0.8425 AUC=0.9836 folds=0.8428Å}0.0534
[refine] TinyClinicalFormer/TinyClinicalFormer_s006 fold 0: F1=0.9208 (8s)
[refine] TinyClinicalFormer/TinyClinicalFormer_s006 fold 1: F1=0.9262 (8s)
[refine] TinyClinicalFormer/TinyClinicalFormer_s006 fold 2: F1=0.9483 (7s)
[refine] TinyClinicalFormer/TinyClinicalFormer_s006 pooled OOF F1=0.9319 AUC=0.9883 folds=0.9318Å}0.0119
[refine] TinyClinicalFormer/TinyClinicalFormer_s014 fold 0: F1=0.9047 (8s)
[refine] TinyClinicalFormer/TinyClinicalFormer_s014 fold 1: F1=0.8218 (8s)
[refine] TinyClinicalFormer/TinyClinicalFormer_s014 fold 2: F1=0.9424 (9s)
[refine] TinyClinicalFormer/TinyClinicalFormer_s014 pooled OOF F1=0.8951 AUC=0.9853 folds=0.8896Å}0.0504
[refine] TinyClinicalFormer/baseline fold 0: F1=0.9446 (9s)
[refine] TinyClinicalFormer/baseline fold 1: F1=0.9214 (8s)
[refine] TinyClinicalFormer/baseline fold 2: F1=0.7090 (9s)
[refine] TinyClinicalFormer/baseline pooled OOF F1=0.8747 AUC=0.9992 folds=0.8583Å}0.1060
[stack] best: logreg {'C': 1.0} F1=0.9588Å}0.0084
[finalize] MedSeverityNet val400: F1=0.9562 AUC=0.9973 (caveated: val picked the checkpoint)
[finalize] FastClinicalCNN val400: F1=0.9575 AUC=0.9916 (caveated: val picked the checkpoint)
[finalize] TinyClinicalFormer val400: F1=0.9450 AUC=0.9908 (caveated: val picked the checkpoint)
[finalize] wrote summary.json, pareto.png, final weights, bootstrap CIs.
